
IPv4 Unicast Summary:
BGP router identifier 10.1.0.1, local AS number 65100 vrf-id 0
BGP table version 2
RIB entries 3, using 576 bytes of memory
Peers 31, using 660 KiB of memory
Peer groups 2, using 128 bytes of memory

Neighbor        V         AS   MsgRcvd   MsgSent   TblVer  InQ OutQ  Up/Down State/PfxRcd   PfxSnt
10.0.0.3        4      65200         0         0        0    0    0    never       Active        0
10.0.0.5        4      65200         0         0        0    0    0    never       Active        0
10.0.0.7        4      65200         0         0        0    0    0    never      Connect        0
10.0.0.9        4      65200         0         0        0    0    0    never       Active        0
10.0.0.11       4      65200         0         0        0    0    0    never       Active        0
10.0.0.13       4      65200         0         0        0    0    0    never       Active        0
10.0.0.15       4      65200         0         0        0    0    0    never       Active        0
10.0.0.17       4      65200         0         0        0    0    0    never       Active        0
10.0.0.19       4      65200         0         0        0    0    0    never       Active        0
10.0.0.21       4      65200         0         0        0    0    0    never       Active        0
10.0.0.23       4      65200         0         0        0    0    0    never       Active        0
10.0.0.25       4      65200         0         0        0    0    0    never       Active        0
10.0.0.27       4      65200         0         0        0    0    0    never       Active        0
10.0.0.29       4      65200         0         0        0    0    0    never       Active        0
10.0.0.31       4      65200         0         0        0    0    0    never       Active        0
10.0.0.33       4      64001         0         0        0    0    0    never       Active        0
10.0.0.35       4      64002         0         0        0    0    0    never       Active        0
10.0.0.37       4      64003         0         0        0    0    0    never       Active        0
10.0.0.39       4      64004         0         0        0    0    0    never       Active        0
10.0.0.41       4      64005         0         0        0    0    0    never       Active        0
10.0.0.43       4      64006         0         0        0    0    0    never       Active        0
10.0.0.45       4      64007         0         0        0    0    0    never       Active        0
10.0.0.47       4      64008         0         0        0    0    0    never       Active        0
10.0.0.49       4      64009         0         0        0    0    0    never       Active        0
10.0.0.51       4      64010         0         0        0    0    0    never       Active        0
10.0.0.53       4      64011         0         0        0    0    0    never       Active        0
10.0.0.55       4      64012         0         0        0    0    0    never       Active        0
10.0.0.57       4      64013         0         0        0    0    0    never       Active        0
10.0.0.59       4      64014         0         0        0    0    0    never       Active        0
10.0.0.61       4      64015         0         0        0    0    0    never       Active        0
10.0.0.63       4      64016         0         0        0    0    0    never       Active        0

Total number of neighbors 31
