timeout --foreground 5m bcmcmd "cstat *"
cstat *

+------------------Programmable Statistics Counters[Port  ce0]------------------+
| Type | No. |       Value       |                Enabled For                   |
+-------------------------------------------------------------------------------+
|  RX  | 0(R)|              50881| RIPD4 RIPD6 RDISC RPORTD                     |
|      |     |                   | PDISC RDROP VLANDR                           |
|      | 3   |              50881| VLANDR                                       |
+-------------------------------------------------------------------------------+


+------------------Programmable Statistics Counters[Port  ce1]------------------+
| Type | No. |       Value       |                Enabled For                   |
+-------------------------------------------------------------------------------+
|  RX  | 0(R)|                375| RIPD4 RIPD6 RDISC RPORTD                     |
|      |     |                   | PDISC RDROP VLANDR                           |
|      | 2(R)|               3690| RIMDR                                        |
|      | 3   |                375| VLANDR                                       |
+-------------------------------------------------------------------------------+


+------------------Programmable Statistics Counters[Port  ce2]------------------+
| Type | No. |       Value       |                Enabled For                   |
+-------------------------------------------------------------------------------+
|  RX  | 0(R)|                  4| RIPD4 RIPD6 RDISC RPORTD                     |
|      |     |                   | PDISC RDROP VLANDR                           |
|      | 1(R)|                  4| IMBP                                         |
|      | 2(R)|               3692| RIMDR                                        |
+-------------------------------------------------------------------------------+


+------------------Programmable Statistics Counters[Port  ce3]------------------+
| Type | No. |       Value       |                Enabled For                   |
+-------------------------------------------------------------------------------+
|  RX  | 0(R)|                  4| RIPD4 RIPD6 RDISC RPORTD                     |
|      |     |                   | PDISC RDROP VLANDR                           |
|      | 1(R)|                  4| IMBP                                         |
|      | 2(R)|               3692| RIMDR                                        |
+-------------------------------------------------------------------------------+

drivshell>
