timeout --foreground 5m bcmcmd "d chg my_station_tcam"
d chg my_station_tcam
MY_STATION_TCAM.ipipe0[0]: <VALID=1,MASK=0x00000000ffffffffffff,MAC_ADDR_MASK=0xffffffffffff,MAC_ADDR=0x00e0ec3be606,KEY=0x0000000000e0ec3be606,IPV6_TERMINATION_ALLOWED=1,IPV4_TERMINATION_ALLOWED=1,DATA=0x38,ARP_RARP_TERMINATION_ALLOWED=1>
MY_STATION_TCAM.ipipe0[1]: <VALID=1,MPLS_TERMINATION_ALLOWED=1,MASK=0x00000000ffffffffffff,MAC_ADDR_MASK=0xffffffffffff,MAC_ADDR=0x00e0ec3be606,KEY=0x0000000000e0ec3be606,IPV6_TERMINATION_ALLOWED=1,IPV4_TERMINATION_ALLOWED=1,DATA=0x3a,ARP_RARP_TERMINATION_ALLOWED=1>
MY_STATION_TCAM.ipipe0[2]: <VALID=1,MASK=0x00000000ffffffffffff,MAC_ADDR_MASK=0xffffffffffff,MAC_ADDR=0x00e0ec3be606,KEY=0x0000000000e0ec3be606,IPV6_TERMINATION_ALLOWED=1,IPV4_TERMINATION_ALLOWED=1,DATA=0x38,ARP_RARP_TERMINATION_ALLOWED=1>
MY_STATION_TCAM.ipipe0[3]: <VLAN_ID_MASK=0xfff,VLAN_ID=0xfff,VALID=1,TGID_MASK=0xff,TGID=0x15,SOURCE_FIELD_MASK=0xff,SOURCE_FIELD=0x15,PORT_NUM_MASK=0xff,PORT_NUM=0x15,MPLS_TERMINATION_ALLOWED=1,MASK=0x000fffffffffffffffff,MAC_ADDR_MASK=0xffffffffffff,MAC_ADDR=0x00e0ec3be606,KEY=0x00015fff00e0ec3be606,IPV6_TERMINATION_ALLOWED=1,IPV4_TERMINATION_ALLOWED=1,ING_PORT_NUM_MASK=0xff,ING_PORT_NUM=0x15,DATA=0x3a,ARP_RARP_TERMINATION_ALLOWED=1>
MY_STATION_TCAM.ipipe0[4]: <VLAN_ID_MASK=0xfff,VLAN_ID=0xfff,VALID=1,TGID_MASK=0xff,TGID=0x19,SOURCE_FIELD_MASK=0xff,SOURCE_FIELD=0x19,PORT_NUM_MASK=0xff,PORT_NUM=0x19,MPLS_TERMINATION_ALLOWED=1,MASK=0x000fffffffffffffffff,MAC_ADDR_MASK=0xffffffffffff,MAC_ADDR=0x00e0ec3be606,KEY=0x00019fff00e0ec3be606,IPV6_TERMINATION_ALLOWED=1,IPV4_TERMINATION_ALLOWED=1,ING_PORT_NUM_MASK=0xff,ING_PORT_NUM=0x19,DATA=0x3a,ARP_RARP_TERMINATION_ALLOWED=1>
MY_STATION_TCAM.ipipe0[5]: <VLAN_ID_MASK=0xfff,VLAN_ID=0xfff,VALID=1,TGID_MASK=0xff,TGID=0x1d,SOURCE_FIELD_MASK=0xff,SOURCE_FIELD=0x1d,PORT_NUM_MASK=0xff,PORT_NUM=0x1d,MPLS_TERMINATION_ALLOWED=1,MASK=0x000fffffffffffffffff,MAC_ADDR_MASK=0xffffffffffff,MAC_ADDR=0x00e0ec3be606,KEY=0x0001dfff00e0ec3be606,IPV6_TERMINATION_ALLOWED=1,IPV4_TERMINATION_ALLOWED=1,ING_PORT_NUM_MASK=0xff,ING_PORT_NUM=0x1d,DATA=0x3a,ARP_RARP_TERMINATION_ALLOWED=1>
MY_STATION_TCAM.ipipe0[6]: <VLAN_ID_MASK=0xfff,VLAN_ID=0xfff,VALID=1,TGID_MASK=0xff,TGID=0x76,SOURCE_FIELD_MASK=0xff,SOURCE_FIELD=0x76,PORT_NUM_MASK=0xff,PORT_NUM=0x76,MPLS_TERMINATION_ALLOWED=1,MASK=0x000fffffffffffffffff,MAC_ADDR_MASK=0xffffffffffff,MAC_ADDR=0x00e0ec3be606,KEY=0x00076fff00e0ec3be606,IPV6_TERMINATION_ALLOWED=1,IPV4_TERMINATION_ALLOWED=1,ING_PORT_NUM_MASK=0xff,ING_PORT_NUM=0x76,DATA=0x3a,ARP_RARP_TERMINATION_ALLOWED=1>
MY_STATION_TCAM.ipipe0[7]: <VLAN_ID_MASK=0xfff,VLAN_ID=0xfff,VALID=1,TGID_MASK=0xff,TGID=0x7a,SOURCE_FIELD_MASK=0xff,SOURCE_FIELD=0x7a,PORT_NUM_MASK=0xff,PORT_NUM=0x7a,MPLS_TERMINATION_ALLOWED=1,MASK=0x000fffffffffffffffff,MAC_ADDR_MASK=0xffffffffffff,MAC_ADDR=0x00e0ec3be606,KEY=0x0007afff00e0ec3be606,IPV6_TERMINATION_ALLOWED=1,IPV4_TERMINATION_ALLOWED=1,ING_PORT_NUM_MASK=0xff,ING_PORT_NUM=0x7a,DATA=0x3a,ARP_RARP_TERMINATION_ALLOWED=1>
MY_STATION_TCAM.ipipe0[8]: <VLAN_ID_MASK=0xfff,VLAN_ID=0xfff,VALID=1,TGID_MASK=0xff,TGID=0x50,SOURCE_FIELD_MASK=0xff,SOURCE_FIELD=0x50,PORT_NUM_MASK=0xff,PORT_NUM=0x50,MPLS_TERMINATION_ALLOWED=1,MASK=0x000fffffffffffffffff,MAC_ADDR_MASK=0xffffffffffff,MAC_ADDR=0x00e0ec3be606,KEY=0x00050fff00e0ec3be606,IPV6_TERMINATION_ALLOWED=1,IPV4_TERMINATION_ALLOWED=1,ING_PORT_NUM_MASK=0xff,ING_PORT_NUM=0x50,DATA=0x3a,ARP_RARP_TERMINATION_ALLOWED=1>
MY_STATION_TCAM.ipipe0[9]: <VLAN_ID_MASK=0xfff,VLAN_ID=0xfff,VALID=1,TGID_MASK=0xff,TGID=0x7e,SOURCE_FIELD_MASK=0xff,SOURCE_FIELD=0x7e,PORT_NUM_MASK=0xff,PORT_NUM=0x7e,MPLS_TERMINATION_ALLOWED=1,MASK=0x000fffffffffffffffff,MAC_ADDR_MASK=0xffffffffffff,MAC_ADDR=0x00e0ec3be606,KEY=0x0007efff00e0ec3be606,IPV6_TERMINATION_ALLOWED=1,IPV4_TERMINATION_ALLOWED=1,ING_PORT_NUM_MASK=0xff,ING_PORT_NUM=0x7e,DATA=0x3a,ARP_RARP_TERMINATION_ALLOWED=1>
MY_STATION_TCAM.ipipe0[10]: <VLAN_ID_MASK=0xfff,VLAN_ID=0xfff,VALID=1,TGID_MASK=0xff,TGID=0x82,SOURCE_FIELD_MASK=0xff,SOURCE_FIELD=0x82,PORT_NUM_MASK=0xff,PORT_NUM=0x82,MPLS_TERMINATION_ALLOWED=1,MASK=0x000fffffffffffffffff,MAC_ADDR_MASK=0xffffffffffff,MAC_ADDR=0x00e0ec3be606,KEY=0x00082fff00e0ec3be606,IPV6_TERMINATION_ALLOWED=1,IPV4_TERMINATION_ALLOWED=1,ING_PORT_NUM_MASK=0xff,ING_PORT_NUM=0x82,DATA=0x3a,ARP_RARP_TERMINATION_ALLOWED=1>
MY_STATION_TCAM.ipipe0[11]: <VLAN_ID_MASK=0xfff,VLAN_ID=0xfff,VALID=1,TGID_MASK=0xff,TGID=0x22,SOURCE_FIELD_MASK=0xff,SOURCE_FIELD=0x22,PORT_NUM_MASK=0xff,PORT_NUM=0x22,MPLS_TERMINATION_ALLOWED=1,MASK=0x000fffffffffffffffff,MAC_ADDR_MASK=0xffffffffffff,MAC_ADDR=0x00e0ec3be606,KEY=0x00022fff00e0ec3be606,IPV6_TERMINATION_ALLOWED=1,IPV4_TERMINATION_ALLOWED=1,ING_PORT_NUM_MASK=0xff,ING_PORT_NUM=0x22,DATA=0x3a,ARP_RARP_TERMINATION_ALLOWED=1>
MY_STATION_TCAM.ipipe0[12]: <VLAN_ID_MASK=0xfff,VLAN_ID=0xfff,VALID=1,TGID_MASK=0xff,TGID=0x26,SOURCE_FIELD_MASK=0xff,SOURCE_FIELD=0x26,PORT_NUM_MASK=0xff,PORT_NUM=0x26,MPLS_TERMINATION_ALLOWED=1,MASK=0x000fffffffffffffffff,MAC_ADDR_MASK=0xffffffffffff,MAC_ADDR=0x00e0ec3be606,KEY=0x00026fff00e0ec3be606,IPV6_TERMINATION_ALLOWED=1,IPV4_TERMINATION_ALLOWED=1,ING_PORT_NUM_MASK=0xff,ING_PORT_NUM=0x26,DATA=0x3a,ARP_RARP_TERMINATION_ALLOWED=1>
MY_STATION_TCAM.ipipe0[13]: <VLAN_ID_MASK=0xfff,VLAN_ID=0xfff,VALID=1,TGID_MASK=0xff,TGID=0x2a,SOURCE_FIELD_MASK=0xff,SOURCE_FIELD=0x2a,PORT_NUM_MASK=0xff,PORT_NUM=0x2a,MPLS_TERMINATION_ALLOWED=1,MASK=0x000fffffffffffffffff,MAC_ADDR_MASK=0xffffffffffff,MAC_ADDR=0x00e0ec3be606,KEY=0x0002afff00e0ec3be606,IPV6_TERMINATION_ALLOWED=1,IPV4_TERMINATION_ALLOWED=1,ING_PORT_NUM_MASK=0xff,ING_PORT_NUM=0x2a,DATA=0x3a,ARP_RARP_TERMINATION_ALLOWED=1>
MY_STATION_TCAM.ipipe0[14]: <VLAN_ID_MASK=0xfff,VLAN_ID=0xfff,VALID=1,TGID_MASK=0xff,TGID=0x2e,SOURCE_FIELD_MASK=0xff,SOURCE_FIELD=0x2e,PORT_NUM_MASK=0xff,PORT_NUM=0x2e,MPLS_TERMINATION_ALLOWED=1,MASK=0x000fffffffffffffffff,MAC_ADDR_MASK=0xffffffffffff,MAC_ADDR=0x00e0ec3be606,KEY=0x0002efff00e0ec3be606,IPV6_TERMINATION_ALLOWED=1,IPV4_TERMINATION_ALLOWED=1,ING_PORT_NUM_MASK=0xff,ING_PORT_NUM=0x2e,DATA=0x3a,ARP_RARP_TERMINATION_ALLOWED=1>
MY_STATION_TCAM.ipipe0[15]: <VLAN_ID_MASK=0xfff,VLAN_ID=0xfff,VALID=1,TGID_MASK=0xff,TGID=0x32,SOURCE_FIELD_MASK=0xff,SOURCE_FIELD=0x32,PORT_NUM_MASK=0xff,PORT_NUM=0x32,MPLS_TERMINATION_ALLOWED=1,MASK=0x000fffffffffffffffff,MAC_ADDR_MASK=0xffffffffffff,MAC_ADDR=0x00e0ec3be606,KEY=0x00032fff00e0ec3be606,IPV6_TERMINATION_ALLOWED=1,IPV4_TERMINATION_ALLOWED=1,ING_PORT_NUM_MASK=0xff,ING_PORT_NUM=0x32,DATA=0x3a,ARP_RARP_TERMINATION_ALLOWED=1>
MY_STATION_TCAM.ipipe0[16]: <VLAN_ID_MASK=0xfff,VLAN_ID=0xfff,VALID=1,TGID_MASK=0xff,TGID=0x36,SOURCE_FIELD_MASK=0xff,SOURCE_FIELD=0x36,PORT_NUM_MASK=0xff,PORT_NUM=0x36,MPLS_TERMINATION_ALLOWED=1,MASK=0x000fffffffffffffffff,MAC_ADDR_MASK=0xffffffffffff,MAC_ADDR=0x00e0ec3be606,KEY=0x00036fff00e0ec3be606,IPV6_TERMINATION_ALLOWED=1,IPV4_TERMINATION_ALLOWED=1,ING_PORT_NUM_MASK=0xff,ING_PORT_NUM=0x36,DATA=0x3a,ARP_RARP_TERMINATION_ALLOWED=1>
MY_STATION_TCAM.ipipe0[17]: <VLAN_ID_MASK=0xfff,VLAN_ID=0xfff,VALID=1,TGID_MASK=0xff,TGID=0x48,SOURCE_FIELD_MASK=0xff,SOURCE_FIELD=0x48,PORT_NUM_MASK=0xff,PORT_NUM=0x48,MPLS_TERMINATION_ALLOWED=1,MASK=0x000fffffffffffffffff,MAC_ADDR_MASK=0xffffffffffff,MAC_ADDR=0x00e0ec3be606,KEY=0x00048fff00e0ec3be606,IPV6_TERMINATION_ALLOWED=1,IPV4_TERMINATION_ALLOWED=1,ING_PORT_NUM_MASK=0xff,ING_PORT_NUM=0x48,DATA=0x3a,ARP_RARP_TERMINATION_ALLOWED=1>
MY_STATION_TCAM.ipipe0[18]: <VLAN_ID_MASK=0xfff,VLAN_ID=0xfff,VALID=1,TGID_MASK=0xff,TGID=0x3a,SOURCE_FIELD_MASK=0xff,SOURCE_FIELD=0x3a,PORT_NUM_MASK=0xff,PORT_NUM=0x3a,MPLS_TERMINATION_ALLOWED=1,MASK=0x000fffffffffffffffff,MAC_ADDR_MASK=0xffffffffffff,MAC_ADDR=0x00e0ec3be606,KEY=0x0003afff00e0ec3be606,IPV6_TERMINATION_ALLOWED=1,IPV4_TERMINATION_ALLOWED=1,ING_PORT_NUM_MASK=0xff,ING_PORT_NUM=0x3a,DATA=0x3a,ARP_RARP_TERMINATION_ALLOWED=1>
MY_STATION_TCAM.ipipe0[19]: <VLAN_ID_MASK=0xfff,VLAN_ID=0xfff,VALID=1,TGID_MASK=0xff,TGID=0x3e,SOURCE_FIELD_MASK=0xff,SOURCE_FIELD=0x3e,PORT_NUM_MASK=0xff,PORT_NUM=0x3e,MPLS_TERMINATION_ALLOWED=1,MASK=0x000fffffffffffffffff,MAC_ADDR_MASK=0xffffffffffff,MAC_ADDR=0x00e0ec3be606,KEY=0x0003efff00e0ec3be606,IPV6_TERMINATION_ALLOWED=1,IPV4_TERMINATION_ALLOWED=1,ING_PORT_NUM_MASK=0xff,ING_PORT_NUM=0x3e,DATA=0x3a,ARP_RARP_TERMINATION_ALLOWED=1>
MY_STATION_TCAM.ipipe0[20]: <VLAN_ID_MASK=0xfff,VLAN_ID=0xfff,VALID=1,TGID_MASK=0xff,TGID=0x54,SOURCE_FIELD_MASK=0xff,SOURCE_FIELD=0x54,PORT_NUM_MASK=0xff,PORT_NUM=0x54,MPLS_TERMINATION_ALLOWED=1,MASK=0x000fffffffffffffffff,MAC_ADDR_MASK=0xffffffffffff,MAC_ADDR=0x00e0ec3be606,KEY=0x00054fff00e0ec3be606,IPV6_TERMINATION_ALLOWED=1,IPV4_TERMINATION_ALLOWED=1,ING_PORT_NUM_MASK=0xff,ING_PORT_NUM=0x54,DATA=0x3a,ARP_RARP_TERMINATION_ALLOWED=1>
MY_STATION_TCAM.ipipe0[21]: <VLAN_ID_MASK=0xfff,VLAN_ID=0xfff,VALID=1,TGID_MASK=0xff,TGID=0x58,SOURCE_FIELD_MASK=0xff,SOURCE_FIELD=0x58,PORT_NUM_MASK=0xff,PORT_NUM=0x58,MPLS_TERMINATION_ALLOWED=1,MASK=0x000fffffffffffffffff,MAC_ADDR_MASK=0xffffffffffff,MAC_ADDR=0x00e0ec3be606,KEY=0x00058fff00e0ec3be606,IPV6_TERMINATION_ALLOWED=1,IPV4_TERMINATION_ALLOWED=1,ING_PORT_NUM_MASK=0xff,ING_PORT_NUM=0x58,DATA=0x3a,ARP_RARP_TERMINATION_ALLOWED=1>
MY_STATION_TCAM.ipipe0[22]: <VLAN_ID_MASK=0xfff,VLAN_ID=0xfff,VALID=1,TGID_MASK=0xff,TGID=0x5c,SOURCE_FIELD_MASK=0xff,SOURCE_FIELD=0x5c,PORT_NUM_MASK=0xff,PORT_NUM=0x5c,MPLS_TERMINATION_ALLOWED=1,MASK=0x000fffffffffffffffff,MAC_ADDR_MASK=0xffffffffffff,MAC_ADDR=0x00e0ec3be606,KEY=0x0005cfff00e0ec3be606,IPV6_TERMINATION_ALLOWED=1,IPV4_TERMINATION_ALLOWED=1,ING_PORT_NUM_MASK=0xff,ING_PORT_NUM=0x5c,DATA=0x3a,ARP_RARP_TERMINATION_ALLOWED=1>
MY_STATION_TCAM.ipipe0[23]: <VLAN_ID_MASK=0xfff,VLAN_ID=0xfff,VALID=1,TGID_MASK=0xff,TGID=0x60,SOURCE_FIELD_MASK=0xff,SOURCE_FIELD=0x60,PORT_NUM_MASK=0xff,PORT_NUM=0x60,MPLS_TERMINATION_ALLOWED=1,MASK=0x000fffffffffffffffff,MAC_ADDR_MASK=0xffffffffffff,MAC_ADDR=0x00e0ec3be606,KEY=0x00060fff00e0ec3be606,IPV6_TERMINATION_ALLOWED=1,IPV4_TERMINATION_ALLOWED=1,ING_PORT_NUM_MASK=0xff,ING_PORT_NUM=0x60,DATA=0x3a,ARP_RARP_TERMINATION_ALLOWED=1>
MY_STATION_TCAM.ipipe0[24]: <VLAN_ID_MASK=0xfff,VLAN_ID=0xfff,VALID=1,TGID_MASK=0xff,TGID=0x66,SOURCE_FIELD_MASK=0xff,SOURCE_FIELD=0x66,PORT_NUM_MASK=0xff,PORT_NUM=0x66,MPLS_TERMINATION_ALLOWED=1,MASK=0x000fffffffffffffffff,MAC_ADDR_MASK=0xffffffffffff,MAC_ADDR=0x00e0ec3be606,KEY=0x00066fff00e0ec3be606,IPV6_TERMINATION_ALLOWED=1,IPV4_TERMINATION_ALLOWED=1,ING_PORT_NUM_MASK=0xff,ING_PORT_NUM=0x66,DATA=0x3a,ARP_RARP_TERMINATION_ALLOWED=1>
MY_STATION_TCAM.ipipe0[25]: <VLAN_ID_MASK=0xfff,VLAN_ID=0xfff,VALID=1,TGID_MASK=0xff,TGID=0x6a,SOURCE_FIELD_MASK=0xff,SOURCE_FIELD=0x6a,PORT_NUM_MASK=0xff,PORT_NUM=0x6a,MPLS_TERMINATION_ALLOWED=1,MASK=0x000fffffffffffffffff,MAC_ADDR_MASK=0xffffffffffff,MAC_ADDR=0x00e0ec3be606,KEY=0x0006afff00e0ec3be606,IPV6_TERMINATION_ALLOWED=1,IPV4_TERMINATION_ALLOWED=1,ING_PORT_NUM_MASK=0xff,ING_PORT_NUM=0x6a,DATA=0x3a,ARP_RARP_TERMINATION_ALLOWED=1>
MY_STATION_TCAM.ipipe0[26]: <VLAN_ID_MASK=0xfff,VLAN_ID=0xfff,VALID=1,TGID_MASK=0xff,TGID=0x6e,SOURCE_FIELD_MASK=0xff,SOURCE_FIELD=0x6e,PORT_NUM_MASK=0xff,PORT_NUM=0x6e,MPLS_TERMINATION_ALLOWED=1,MASK=0x000fffffffffffffffff,MAC_ADDR_MASK=0xffffffffffff,MAC_ADDR=0x00e0ec3be606,KEY=0x0006efff00e0ec3be606,IPV6_TERMINATION_ALLOWED=1,IPV4_TERMINATION_ALLOWED=1,ING_PORT_NUM_MASK=0xff,ING_PORT_NUM=0x6e,DATA=0x3a,ARP_RARP_TERMINATION_ALLOWED=1>
MY_STATION_TCAM.ipipe0[27]: <VLAN_ID_MASK=0xfff,VLAN_ID=0xfff,VALID=1,TGID_MASK=0xff,TGID=0x72,SOURCE_FIELD_MASK=0xff,SOURCE_FIELD=0x72,PORT_NUM_MASK=0xff,PORT_NUM=0x72,MPLS_TERMINATION_ALLOWED=1,MASK=0x000fffffffffffffffff,MAC_ADDR_MASK=0xffffffffffff,MAC_ADDR=0x00e0ec3be606,KEY=0x00072fff00e0ec3be606,IPV6_TERMINATION_ALLOWED=1,IPV4_TERMINATION_ALLOWED=1,ING_PORT_NUM_MASK=0xff,ING_PORT_NUM=0x72,DATA=0x3a,ARP_RARP_TERMINATION_ALLOWED=1>
MY_STATION_TCAM.ipipe0[28]: <VLAN_ID_MASK=0xfff,VLAN_ID=0xfff,VALID=1,TGID_MASK=0xff,TGID=0x4c,SOURCE_FIELD_MASK=0xff,SOURCE_FIELD=0x4c,PORT_NUM_MASK=0xff,PORT_NUM=0x4c,MPLS_TERMINATION_ALLOWED=1,MASK=0x000fffffffffffffffff,MAC_ADDR_MASK=0xffffffffffff,MAC_ADDR=0x00e0ec3be606,KEY=0x0004cfff00e0ec3be606,IPV6_TERMINATION_ALLOWED=1,IPV4_TERMINATION_ALLOWED=1,ING_PORT_NUM_MASK=0xff,ING_PORT_NUM=0x4c,DATA=0x3a,ARP_RARP_TERMINATION_ALLOWED=1>
MY_STATION_TCAM.ipipe0[29]: <VLAN_ID_MASK=0xfff,VLAN_ID=0xfff,VALID=1,TGID_MASK=0xff,TGID=1,SOURCE_FIELD_MASK=0xff,SOURCE_FIELD=1,PORT_NUM_MASK=0xff,PORT_NUM=1,MPLS_TERMINATION_ALLOWED=1,MASK=0x000fffffffffffffffff,MAC_ADDR_MASK=0xffffffffffff,MAC_ADDR=0x00e0ec3be606,KEY=0x00001fff00e0ec3be606,IPV6_TERMINATION_ALLOWED=1,IPV4_TERMINATION_ALLOWED=1,ING_PORT_NUM_MASK=0xff,ING_PORT_NUM=1,DATA=0x3a,ARP_RARP_TERMINATION_ALLOWED=1>
MY_STATION_TCAM.ipipe0[30]: <VLAN_ID_MASK=0xfff,VLAN_ID=0xfff,VALID=1,TGID_MASK=0xff,TGID=5,SOURCE_FIELD_MASK=0xff,SOURCE_FIELD=5,PORT_NUM_MASK=0xff,PORT_NUM=5,MPLS_TERMINATION_ALLOWED=1,MASK=0x000fffffffffffffffff,MAC_ADDR_MASK=0xffffffffffff,MAC_ADDR=0x00e0ec3be606,KEY=0x00005fff00e0ec3be606,IPV6_TERMINATION_ALLOWED=1,IPV4_TERMINATION_ALLOWED=1,ING_PORT_NUM_MASK=0xff,ING_PORT_NUM=5,DATA=0x3a,ARP_RARP_TERMINATION_ALLOWED=1>
MY_STATION_TCAM.ipipe0[31]: <VLAN_ID_MASK=0xfff,VLAN_ID=0xfff,VALID=1,TGID_MASK=0xff,TGID=9,SOURCE_FIELD_MASK=0xff,SOURCE_FIELD=9,PORT_NUM_MASK=0xff,PORT_NUM=9,MPLS_TERMINATION_ALLOWED=1,MASK=0x000fffffffffffffffff,MAC_ADDR_MASK=0xffffffffffff,MAC_ADDR=0x00e0ec3be606,KEY=0x00009fff00e0ec3be606,IPV6_TERMINATION_ALLOWED=1,IPV4_TERMINATION_ALLOWED=1,ING_PORT_NUM_MASK=0xff,ING_PORT_NUM=9,DATA=0x3a,ARP_RARP_TERMINATION_ALLOWED=1>
MY_STATION_TCAM.ipipe0[32]: <VLAN_ID_MASK=0xfff,VLAN_ID=0xfff,VALID=1,TGID_MASK=0xff,TGID=0xd,SOURCE_FIELD_MASK=0xff,SOURCE_FIELD=0xd,PORT_NUM_MASK=0xff,PORT_NUM=0xd,MPLS_TERMINATION_ALLOWED=1,MASK=0x000fffffffffffffffff,MAC_ADDR_MASK=0xffffffffffff,MAC_ADDR=0x00e0ec3be606,KEY=0x0000dfff00e0ec3be606,IPV6_TERMINATION_ALLOWED=1,IPV4_TERMINATION_ALLOWED=1,ING_PORT_NUM_MASK=0xff,ING_PORT_NUM=0xd,DATA=0x3a,ARP_RARP_TERMINATION_ALLOWED=1>
MY_STATION_TCAM.ipipe0[33]: <VLAN_ID_MASK=0xfff,VLAN_ID=0xfff,VALID=1,TGID_MASK=0xff,TGID=0x11,SOURCE_FIELD_MASK=0xff,SOURCE_FIELD=0x11,PORT_NUM_MASK=0xff,PORT_NUM=0x11,MPLS_TERMINATION_ALLOWED=1,MASK=0x000fffffffffffffffff,MAC_ADDR_MASK=0xffffffffffff,MAC_ADDR=0x00e0ec3be606,KEY=0x00011fff00e0ec3be606,IPV6_TERMINATION_ALLOWED=1,IPV4_TERMINATION_ALLOWED=1,ING_PORT_NUM_MASK=0xff,ING_PORT_NUM=0x11,DATA=0x3a,ARP_RARP_TERMINATION_ALLOWED=1>
drivshell>
