timeout --foreground 5m bcmcmd "port *"
port *
PORT: Status (* indicates PHY link up)
  xe0     (Disabled Forced((25GFD,pause) STP(Disable) Lrn(ARL,FWD) UtPri(0) Pfm(FloodNone) IF(XGMII) PH(Slave) Max_frame(9412) MDIX(ForcedNormal, Normal) Medium(None) Fault(Local) VLANFILTER(2) Mac driver(CLMAC Driver)
  xe1     (Disabled Forced((25GFD,pause) STP(Disable) Lrn(ARL,FWD) UtPri(0) Pfm(FloodNone) IF(XGMII) PH(Slave) Max_frame(9412) MDIX(ForcedNormal, Normal) Medium(None) Fault(Local) VLANFILTER(2) Mac driver(CLMAC Driver)
  xe2     (Disabled Forced((25GFD,pause) STP(Disable) Lrn(ARL,FWD) UtPri(0) Pfm(FloodNone) IF(XGMII) PH(Slave) Max_frame(9412) MDIX(ForcedNormal, Normal) Medium(None) Fault(Local) VLANFILTER(2) Mac driver(CLMAC Driver)
  xe3     (Disabled Forced((25GFD,pause) STP(Disable) Lrn(ARL,FWD) UtPri(0) Pfm(FloodNone) IF(XGMII) PH(Slave) Max_frame(9412) MDIX(ForcedNormal, Normal) Medium(None) Fault(Local) VLANFILTER(2) Mac driver(CLMAC Driver)
  xe4     (Disabled Forced((25GFD,pause) STP(Disable) Lrn(ARL,FWD) UtPri(0) Pfm(FloodNone) IF(XGMII) PH(Slave) Max_frame(9412) MDIX(ForcedNormal, Normal) Medium(None) Fault(Local) VLANFILTER(2) Mac driver(CLMAC Driver)
  xe5     (Disabled Forced((25GFD,pause) STP(Disable) Lrn(ARL,FWD) UtPri(0) Pfm(FloodNone) IF(XGMII) PH(Slave) Max_frame(9412) MDIX(ForcedNormal, Normal) Medium(None) Fault(Local) VLANFILTER(2) Mac driver(CLMAC Driver)
  xe6     (Disabled Forced((25GFD,pause) STP(Disable) Lrn(ARL,FWD) UtPri(0) Pfm(FloodNone) IF(XGMII) PH(Slave) Max_frame(9412) MDIX(ForcedNormal, Normal) Medium(None) Fault(Local) VLANFILTER(2) Mac driver(CLMAC Driver)
  xe7     (Disabled Forced((25GFD,pause) STP(Disable) Lrn(ARL,FWD) UtPri(0) Pfm(FloodNone) IF(XGMII) PH(Slave) Max_frame(9412) MDIX(ForcedNormal, Normal) Medium(None) Fault(Local) VLANFILTER(2) Mac driver(CLMAC Driver)
  xe8     (Disabled Forced((25GFD,pause) STP(Disable) Lrn(ARL,FWD) UtPri(0) Pfm(FloodNone) IF(XGMII) PH(Slave) Max_frame(9412) MDIX(ForcedNormal, Normal) Medium(None) Fault(Local) VLANFILTER(2) Mac driver(CLMAC Driver)
  xe9     (Disabled Forced((25GFD,pause) STP(Disable) Lrn(ARL,FWD) UtPri(0) Pfm(FloodNone) IF(XGMII) PH(Slave) Max_frame(9412) MDIX(ForcedNormal, Normal) Medium(None) Fault(Local) VLANFILTER(2) Mac driver(CLMAC Driver)
  xe10    (Disabled Forced((25GFD,pause) STP(Disable) Lrn(ARL,FWD) UtPri(0) Pfm(FloodNone) IF(XGMII) PH(Slave) Max_frame(9412) MDIX(ForcedNormal, Normal) Medium(None) Fault(Local) VLANFILTER(2) Mac driver(CLMAC Driver)
  xe11    (Disabled Forced((25GFD,pause) STP(Disable) Lrn(ARL,FWD) UtPri(0) Pfm(FloodNone) IF(XGMII) PH(Slave) Max_frame(9412) MDIX(ForcedNormal, Normal) Medium(None) Fault(Local) VLANFILTER(2) Mac driver(CLMAC Driver)
  xe12    (Disabled Forced((25GFD,pause) STP(Disable) Lrn(ARL,FWD) UtPri(0) Pfm(FloodNone) IF(XGMII) PH(Slave) Max_frame(9412) MDIX(ForcedNormal, Normal) Medium(None) Fault(Local) VLANFILTER(2) Mac driver(CLMAC Driver)
  xe13    (Disabled Forced((25GFD,pause) STP(Disable) Lrn(ARL,FWD) UtPri(0) Pfm(FloodNone) IF(XGMII) PH(Slave) Max_frame(9412) MDIX(ForcedNormal, Normal) Medium(None) Fault(Local) VLANFILTER(2) Mac driver(CLMAC Driver)
  xe14    (Disabled Forced((25GFD,pause) STP(Disable) Lrn(ARL,FWD) UtPri(0) Pfm(FloodNone) IF(XGMII) PH(Slave) Max_frame(9412) MDIX(ForcedNormal, Normal) Medium(None) Fault(Local) VLANFILTER(2) Mac driver(CLMAC Driver)
  xe15    (Disabled Forced((25GFD,pause) STP(Disable) Lrn(ARL,FWD) UtPri(0) Pfm(FloodNone) IF(XGMII) PH(Slave) Max_frame(9412) MDIX(ForcedNormal, Normal) Medium(None) Fault(Local) VLANFILTER(2) Mac driver(CLMAC Driver)
  xe16    (Disabled Forced((25GFD,pause) STP(Disable) Lrn(ARL,FWD) UtPri(0) Pfm(FloodNone) IF(XGMII) PH(Slave) Max_frame(9412) MDIX(ForcedNormal, Normal) Medium(None) Fault(Local) VLANFILTER(2) Mac driver(CLMAC Driver)
  xe17    (Disabled Forced((25GFD,pause) STP(Disable) Lrn(ARL,FWD) UtPri(0) Pfm(FloodNone) IF(XGMII) PH(Slave) Max_frame(9412) MDIX(ForcedNormal, Normal) Medium(None) Fault(Local) VLANFILTER(2) Mac driver(CLMAC Driver)
  xe18    (Disabled Forced((25GFD,pause) STP(Disable) Lrn(ARL,FWD) UtPri(0) Pfm(FloodNone) IF(XGMII) PH(Slave) Max_frame(9412) MDIX(ForcedNormal, Normal) Medium(None) Fault(Local) VLANFILTER(2) Mac driver(CLMAC Driver)
  xe19    (Disabled Forced((25GFD,pause) STP(Disable) Lrn(ARL,FWD) UtPri(0) Pfm(FloodNone) IF(XGMII) PH(Slave) Max_frame(9412) MDIX(ForcedNormal, Normal) Medium(None) Fault(Local) VLANFILTER(2) Mac driver(CLMAC Driver)
  xe20    (Disabled Forced((25GFD,pause) STP(Disable) Lrn(ARL,FWD) UtPri(0) Pfm(FloodNone) IF(XGMII) PH(Slave) Max_frame(9412) MDIX(ForcedNormal, Normal) Medium(None) Fault(Local) VLANFILTER(2) Mac driver(CLMAC Driver)
  xe21    (Disabled Forced((25GFD,pause) STP(Disable) Lrn(ARL,FWD) UtPri(0) Pfm(FloodNone) IF(XGMII) PH(Slave) Max_frame(9412) MDIX(ForcedNormal, Normal) Medium(None) Fault(Local) VLANFILTER(2) Mac driver(CLMAC Driver)
  xe22    (Disabled Forced((25GFD,pause) STP(Disable) Lrn(ARL,FWD) UtPri(0) Pfm(FloodNone) IF(XGMII) PH(Slave) Max_frame(9412) MDIX(ForcedNormal, Normal) Medium(None) Fault(Local) VLANFILTER(2) Mac driver(CLMAC Driver)
  xe23    (Disabled Forced((25GFD,pause) STP(Disable) Lrn(ARL,FWD) UtPri(0) Pfm(FloodNone) IF(XGMII) PH(Slave) Max_frame(9412) MDIX(ForcedNormal, Normal) Medium(None) Fault(Local) VLANFILTER(2) Mac driver(CLMAC Driver)
  xe24    (Disabled Forced((25GFD,pause) STP(Disable) Lrn(ARL,FWD) UtPri(0) Pfm(FloodNone) IF(XGMII) PH(Slave) Max_frame(9412) MDIX(ForcedNormal, Normal) Medium(None) Fault(Local) VLANFILTER(2) Mac driver(CLMAC Driver)
  xe25    (Disabled Forced((25GFD,pause) STP(Disable) Lrn(ARL,FWD) UtPri(0) Pfm(FloodNone) IF(XGMII) PH(Slave) Max_frame(9412) MDIX(ForcedNormal, Normal) Medium(None) Fault(Local) VLANFILTER(2) Mac driver(CLMAC Driver)
  xe26    (Disabled Forced((25GFD,pause) STP(Disable) Lrn(ARL,FWD) UtPri(0) Pfm(FloodNone) IF(XGMII) PH(Slave) Max_frame(9412) MDIX(ForcedNormal, Normal) Medium(None) Fault(Local) VLANFILTER(2) Mac driver(CLMAC Driver)
  xe27    (Disabled Forced((25GFD,pause) STP(Disable) Lrn(ARL,FWD) UtPri(0) Pfm(FloodNone) IF(XGMII) PH(Slave) Max_frame(9412) MDIX(ForcedNormal, Normal) Medium(None) Fault(Local) VLANFILTER(2) Mac driver(CLMAC Driver)
  xe28    (Disabled Forced((25GFD,pause) STP(Disable) Lrn(ARL,FWD) UtPri(0) Pfm(FloodNone) IF(XGMII) PH(Slave) Max_frame(9412) MDIX(ForcedNormal, Normal) Medium(None) Fault(Local) VLANFILTER(2) Mac driver(CLMAC Driver)
  xe29    (Disabled Forced((25GFD,pause) STP(Disable) Lrn(ARL,FWD) UtPri(0) Pfm(FloodNone) IF(XGMII) PH(Slave) Max_frame(9412) MDIX(ForcedNormal, Normal) Medium(None) Fault(Local) VLANFILTER(2) Mac driver(CLMAC Driver)
  xe30    (Disabled Forced((25GFD,pause) STP(Disable) Lrn(ARL,FWD) UtPri(0) Pfm(FloodNone) IF(XGMII) PH(Slave) Max_frame(9412) MDIX(ForcedNormal, Normal) Medium(None) Fault(Local) VLANFILTER(2) Mac driver(CLMAC Driver)
  xe31    (Disabled Forced((25GFD,pause) STP(Disable) Lrn(ARL,FWD) UtPri(0) Pfm(FloodNone) IF(XGMII) PH(Slave) Max_frame(9412) MDIX(ForcedNormal, Normal) Medium(None) Fault(Local) VLANFILTER(2) Mac driver(CLMAC Driver)
  xe32    (Disabled Forced((25GFD,pause) STP(Disable) Lrn(ARL,FWD) UtPri(0) Pfm(FloodNone) IF(XGMII) PH(Slave) Max_frame(9412) MDIX(ForcedNormal, Normal) Medium(None) Fault(Local) VLANFILTER(2) Mac driver(CLMAC Driver)
  xe33    (Disabled Forced((25GFD,pause) STP(Disable) Lrn(ARL,FWD) UtPri(0) Pfm(FloodNone) IF(XGMII) PH(Slave) Max_frame(9412) MDIX(ForcedNormal, Normal) Medium(None) Fault(Local) VLANFILTER(2) Mac driver(CLMAC Driver)
  xe34    (Disabled Forced((25GFD,pause) STP(Disable) Lrn(ARL,FWD) UtPri(0) Pfm(FloodNone) IF(XGMII) PH(Slave) Max_frame(9412) MDIX(ForcedNormal, Normal) Medium(None) Fault(Local) VLANFILTER(2) Mac driver(CLMAC Driver)
  xe35    (Disabled Forced((25GFD,pause) STP(Disable) Lrn(ARL,FWD) UtPri(0) Pfm(FloodNone) IF(XGMII) PH(Slave) Max_frame(9412) MDIX(ForcedNormal, Normal) Medium(None) Fault(Local) VLANFILTER(2) Mac driver(CLMAC Driver)
  xe36    (Disabled Forced((25GFD,pause) STP(Disable) Lrn(ARL,FWD) UtPri(0) Pfm(FloodNone) IF(XGMII) PH(Slave) Max_frame(9412) MDIX(ForcedNormal, Normal) Medium(None) Fault(Local) VLANFILTER(2) Mac driver(CLMAC Driver)
  xe37    (Disabled Forced((25GFD,pause) STP(Disable) Lrn(ARL,FWD) UtPri(0) Pfm(FloodNone) IF(XGMII) PH(Slave) Max_frame(9412) MDIX(ForcedNormal, Normal) Medium(None) Fault(Local) VLANFILTER(2) Mac driver(CLMAC Driver)
  xe38    (Disabled Forced((25GFD,pause) STP(Disable) Lrn(ARL,FWD) UtPri(0) Pfm(FloodNone) IF(XGMII) PH(Slave) Max_frame(9412) MDIX(ForcedNormal, Normal) Medium(None) Fault(Local) VLANFILTER(2) Mac driver(CLMAC Driver)
  xe39    (Disabled Forced((25GFD,pause) STP(Disable) Lrn(ARL,FWD) UtPri(0) Pfm(FloodNone) IF(XGMII) PH(Slave) Max_frame(9412) MDIX(ForcedNormal, Normal) Medium(None) Fault(Local) VLANFILTER(2) Mac driver(CLMAC Driver)
  xe40    (Disabled Forced((25GFD,pause) STP(Disable) Lrn(ARL,FWD) UtPri(0) Pfm(FloodNone) IF(XGMII) PH(Slave) Max_frame(9412) MDIX(ForcedNormal, Normal) Medium(None) Fault(Local) VLANFILTER(2) Mac driver(CLMAC Driver)
  xe41    (Disabled Forced((25GFD,pause) STP(Disable) Lrn(ARL,FWD) UtPri(0) Pfm(FloodNone) IF(XGMII) PH(Slave) Max_frame(9412) MDIX(ForcedNormal, Normal) Medium(None) Fault(Local) VLANFILTER(2) Mac driver(CLMAC Driver)
  xe42    (Disabled Forced((25GFD,pause) STP(Disable) Lrn(ARL,FWD) UtPri(0) Pfm(FloodNone) IF(XGMII) PH(Slave) Max_frame(9412) MDIX(ForcedNormal, Normal) Medium(None) Fault(Local) VLANFILTER(2) Mac driver(CLMAC Driver)
  xe43    (Disabled Forced((25GFD,pause) STP(Disable) Lrn(ARL,FWD) UtPri(0) Pfm(FloodNone) IF(XGMII) PH(Slave) Max_frame(9412) MDIX(ForcedNormal, Normal) Medium(None) Fault(Local) VLANFILTER(2) Mac driver(CLMAC Driver)
  xe44    (Disabled Forced((25GFD,pause) STP(Disable) Lrn(ARL,FWD) UtPri(0) Pfm(FloodNone) IF(XGMII) PH(Slave) Max_frame(9412) MDIX(ForcedNormal, Normal) Medium(None) Fault(Local) VLANFILTER(2) Mac driver(CLMAC Driver)
  xe45    (Disabled Forced((25GFD,pause) STP(Disable) Lrn(ARL,FWD) UtPri(0) Pfm(FloodNone) IF(XGMII) PH(Slave) Max_frame(9412) MDIX(ForcedNormal, Normal) Medium(None) Fault(Local) VLANFILTER(2) Mac driver(CLMAC Driver)
  xe46    (Disabled Forced((25GFD,pause) STP(Disable) Lrn(ARL,FWD) UtPri(0) Pfm(FloodNone) IF(XGMII) PH(Slave) Max_frame(9412) MDIX(ForcedNormal, Normal) Medium(None) Fault(Local) VLANFILTER(2) Mac driver(CLMAC Driver)
  xe47    (Disabled Forced((25GFD,pause) STP(Disable) Lrn(ARL,FWD) UtPri(0) Pfm(FloodNone) IF(XGMII) PH(Slave) Max_frame(9412) MDIX(ForcedNormal, Normal) Medium(None) Fault(Local) VLANFILTER(2) Mac driver(CLMAC Driver)
  xe48    (Disabled Forced((25GFD,pause) STP(Disable) Lrn(ARL,FWD) UtPri(0) Pfm(FloodNone) IF(XGMII) PH(Slave) Max_frame(9412) MDIX(ForcedNormal, Normal) Medium(None) Fault(Local) VLANFILTER(2) Mac driver(CLMAC Driver)
  xe49    (Disabled Forced((25GFD,pause) STP(Disable) Lrn(ARL,FWD) UtPri(0) Pfm(FloodNone) IF(XGMII) PH(Slave) Max_frame(9412) MDIX(ForcedNormal, Normal) Medium(None) Fault(Local) VLANFILTER(2) Mac driver(CLMAC Driver)
  xe50    (Disabled Forced((25GFD,pause) STP(Disable) Lrn(ARL,FWD) UtPri(0) Pfm(FloodNone) IF(XGMII) PH(Slave) Max_frame(9412) MDIX(ForcedNormal, Normal) Medium(None) Fault(Local) VLANFILTER(2) Mac driver(CLMAC Driver)
  xe51    (Disabled Forced((25GFD,pause) STP(Disable) Lrn(ARL,FWD) UtPri(0) Pfm(FloodNone) IF(XGMII) PH(Slave) Max_frame(9412) MDIX(ForcedNormal, Normal) Medium(None) Fault(Local) VLANFILTER(2) Mac driver(CLMAC Driver)
  xe52    (Disabled Forced((25GFD,pause) STP(Disable) Lrn(ARL,FWD) UtPri(0) Pfm(FloodNone) IF(XGMII) PH(Slave) Max_frame(9412) MDIX(ForcedNormal, Normal) Medium(None) Fault(Local) VLANFILTER(2) Mac driver(CLMAC Driver)
  xe53    (Disabled Forced((25GFD,pause) STP(Disable) Lrn(ARL,FWD) UtPri(0) Pfm(FloodNone) IF(XGMII) PH(Slave) Max_frame(9412) MDIX(ForcedNormal, Normal) Medium(None) Fault(Local) VLANFILTER(2) Mac driver(CLMAC Driver)
  xe54    (Disabled Forced((25GFD,pause) STP(Disable) Lrn(ARL,FWD) UtPri(0) Pfm(FloodNone) IF(XGMII) PH(Slave) Max_frame(9412) MDIX(ForcedNormal, Normal) Medium(None) Fault(Local) VLANFILTER(2) Mac driver(CLMAC Driver)
  xe55    (Disabled Forced((25GFD,pause) STP(Disable) Lrn(ARL,FWD) UtPri(0) Pfm(FloodNone) IF(XGMII) PH(Slave) Max_frame(9412) MDIX(ForcedNormal, Normal) Medium(None) Fault(Local) VLANFILTER(2) Mac driver(CLMAC Driver)
  xe56    (Disabled Forced((25GFD,pause) STP(Disable) Lrn(ARL,FWD) UtPri(0) Pfm(FloodNone) IF(XGMII) PH(Slave) Max_frame(9412) MDIX(ForcedNormal, Normal) Medium(None) Fault(Local) VLANFILTER(2) Mac driver(CLMAC Driver)
  xe57    (Disabled Forced((25GFD,pause) STP(Disable) Lrn(ARL,FWD) UtPri(0) Pfm(FloodNone) IF(XGMII) PH(Slave) Max_frame(9412) MDIX(ForcedNormal, Normal) Medium(None) Fault(Local) VLANFILTER(2) Mac driver(CLMAC Driver)
  xe58    (Disabled Forced((25GFD,pause) STP(Disable) Lrn(ARL,FWD) UtPri(0) Pfm(FloodNone) IF(XGMII) PH(Slave) Max_frame(9412) MDIX(ForcedNormal, Normal) Medium(None) Fault(Local) VLANFILTER(2) Mac driver(CLMAC Driver)
  xe59    (Disabled Forced((25GFD,pause) STP(Disable) Lrn(ARL,FWD) UtPri(0) Pfm(FloodNone) IF(XGMII) PH(Slave) Max_frame(9412) MDIX(ForcedNormal, Normal) Medium(None) Fault(Local) VLANFILTER(2) Mac driver(CLMAC Driver)
  xe60    (Disabled Forced((25GFD,pause) STP(Disable) Lrn(ARL,FWD) UtPri(0) Pfm(FloodNone) IF(XGMII) PH(Slave) Max_frame(9412) MDIX(ForcedNormal, Normal) Medium(None) Fault(Local) VLANFILTER(2) Mac driver(CLMAC Driver)
  xe61    (Disabled Forced((25GFD,pause) STP(Disable) Lrn(ARL,FWD) UtPri(0) Pfm(FloodNone) IF(XGMII) PH(Slave) Max_frame(9412) MDIX(ForcedNormal, Normal) Medium(None) Fault(Local) VLANFILTER(2) Mac driver(CLMAC Driver)
  xe62    (Disabled Forced((25GFD,pause) STP(Disable) Lrn(ARL,FWD) UtPri(0) Pfm(FloodNone) IF(XGMII) PH(Slave) Max_frame(9412) MDIX(ForcedNormal, Normal) Medium(None) Fault(Local) VLANFILTER(2) Mac driver(CLMAC Driver)
  xe63    (Disabled Forced((25GFD,pause) STP(Disable) Lrn(ARL,FWD) UtPri(0) Pfm(FloodNone) IF(XGMII) PH(Slave) Max_frame(9412) MDIX(ForcedNormal, Normal) Medium(None) Fault(Local) VLANFILTER(2) Mac driver(CLMAC Driver)
  xe64    (Disabled Forced((25GFD,pause) STP(Disable) Lrn(ARL,FWD) UtPri(0) Pfm(FloodNone) IF(XGMII) PH(Slave) Max_frame(9412) MDIX(ForcedNormal, Normal) Medium(None) Fault(Local) VLANFILTER(2) Mac driver(CLMAC Driver)
  xe65    (Disabled Forced((25GFD,pause) STP(Disable) Lrn(ARL,FWD) UtPri(0) Pfm(FloodNone) IF(XGMII) PH(Slave) Max_frame(9412) MDIX(ForcedNormal, Normal) Medium(None) Fault(Local) VLANFILTER(2) Mac driver(CLMAC Driver)
  xe66    (Disabled Forced((25GFD,pause) STP(Disable) Lrn(ARL,FWD) UtPri(0) Pfm(FloodNone) IF(XGMII) PH(Slave) Max_frame(9412) MDIX(ForcedNormal, Normal) Medium(None) Fault(Local) VLANFILTER(2) Mac driver(CLMAC Driver)
  xe67    (Disabled Forced((25GFD,pause) STP(Disable) Lrn(ARL,FWD) UtPri(0) Pfm(FloodNone) IF(XGMII) PH(Slave) Max_frame(9412) MDIX(ForcedNormal, Normal) Medium(None) Fault(Local) VLANFILTER(2) Mac driver(CLMAC Driver)
  xe68    (Disabled Forced((25GFD,pause) STP(Disable) Lrn(ARL,FWD) UtPri(0) Pfm(FloodNone) IF(XGMII) PH(Slave) Max_frame(9412) MDIX(ForcedNormal, Normal) Medium(None) Fault(Local) VLANFILTER(2) Mac driver(CLMAC Driver)
  xe69    (Disabled Forced((25GFD,pause) STP(Disable) Lrn(ARL,FWD) UtPri(0) Pfm(FloodNone) IF(XGMII) PH(Slave) Max_frame(9412) MDIX(ForcedNormal, Normal) Medium(None) Fault(Local) VLANFILTER(2) Mac driver(CLMAC Driver)
  xe70    (Disabled Forced((25GFD,pause) STP(Disable) Lrn(ARL,FWD) UtPri(0) Pfm(FloodNone) IF(XGMII) PH(Slave) Max_frame(9412) MDIX(ForcedNormal, Normal) Medium(None) Fault(Local) VLANFILTER(2) Mac driver(CLMAC Driver)
  xe71    (Disabled Forced((25GFD,pause) STP(Disable) Lrn(ARL,FWD) UtPri(0) Pfm(FloodNone) IF(XGMII) PH(Slave) Max_frame(9412) MDIX(ForcedNormal, Normal) Medium(None) Fault(Local) VLANFILTER(2) Mac driver(CLMAC Driver)
  xe72    (Disabled Forced((25GFD,pause) STP(Disable) Lrn(ARL,FWD) UtPri(0) Pfm(FloodNone) IF(XGMII) PH(Slave) Max_frame(9412) MDIX(ForcedNormal, Normal) Medium(None) Fault(Local) VLANFILTER(2) Mac driver(CLMAC Driver)
  xe73    (Disabled Forced((25GFD,pause) STP(Disable) Lrn(ARL,FWD) UtPri(0) Pfm(FloodNone) IF(XGMII) PH(Slave) Max_frame(9412) MDIX(ForcedNormal, Normal) Medium(None) Fault(Local) VLANFILTER(2) Mac driver(CLMAC Driver)
  xe74    (Disabled Forced((25GFD,pause) STP(Disable) Lrn(ARL,FWD) UtPri(0) Pfm(FloodNone) IF(XGMII) PH(Slave) Max_frame(9412) MDIX(ForcedNormal, Normal) Medium(None) Fault(Local) VLANFILTER(2) Mac driver(CLMAC Driver)
  xe75    (Disabled Forced((25GFD,pause) STP(Disable) Lrn(ARL,FWD) UtPri(0) Pfm(FloodNone) IF(XGMII) PH(Slave) Max_frame(9412) MDIX(ForcedNormal, Normal) Medium(None) Fault(Local) VLANFILTER(2) Mac driver(CLMAC Driver)
  xe76    (Disabled Forced((25GFD,pause) STP(Disable) Lrn(ARL,FWD) UtPri(0) Pfm(FloodNone) IF(XGMII) PH(Slave) Max_frame(9412) MDIX(ForcedNormal, Normal) Medium(None) Fault(Local) VLANFILTER(2) Mac driver(CLMAC Driver)
  xe77    (Disabled Forced((25GFD,pause) STP(Disable) Lrn(ARL,FWD) UtPri(0) Pfm(FloodNone) IF(XGMII) PH(Slave) Max_frame(9412) MDIX(ForcedNormal, Normal) Medium(None) Fault(Local) VLANFILTER(2) Mac driver(CLMAC Driver)
  xe78    (Disabled Forced((25GFD,pause) STP(Disable) Lrn(ARL,FWD) UtPri(0) Pfm(FloodNone) IF(XGMII) PH(Slave) Max_frame(9412) MDIX(ForcedNormal, Normal) Medium(None) Fault(Local) VLANFILTER(2) Mac driver(CLMAC Driver)
  xe79    (Disabled Forced((25GFD,pause) STP(Disable) Lrn(ARL,FWD) UtPri(0) Pfm(FloodNone) IF(XGMII) PH(Slave) Max_frame(9412) MDIX(ForcedNormal, Normal) Medium(None) Fault(Local) VLANFILTER(2) Mac driver(CLMAC Driver)
  xe80    (Disabled Forced((25GFD,pause) STP(Disable) Lrn(ARL,FWD) UtPri(0) Pfm(FloodNone) IF(XGMII) PH(Slave) Max_frame(9412) MDIX(ForcedNormal, Normal) Medium(None) Fault(Local) VLANFILTER(2) Mac driver(CLMAC Driver)
  xe81    (Disabled Forced((25GFD,pause) STP(Disable) Lrn(ARL,FWD) UtPri(0) Pfm(FloodNone) IF(XGMII) PH(Slave) Max_frame(9412) MDIX(ForcedNormal, Normal) Medium(None) Fault(Local) VLANFILTER(2) Mac driver(CLMAC Driver)
  xe82    (Disabled Forced((25GFD,pause) STP(Disable) Lrn(ARL,FWD) UtPri(0) Pfm(FloodNone) IF(XGMII) PH(Slave) Max_frame(9412) MDIX(ForcedNormal, Normal) Medium(None) Fault(Local) VLANFILTER(2) Mac driver(CLMAC Driver)
  xe83    (Disabled Forced((25GFD,pause) STP(Disable) Lrn(ARL,FWD) UtPri(0) Pfm(FloodNone) IF(XGMII) PH(Slave) Max_frame(9412) MDIX(ForcedNormal, Normal) Medium(None) Fault(Local) VLANFILTER(2) Mac driver(CLMAC Driver)
  xe84    (Disabled Forced((25GFD,pause) STP(Disable) Lrn(ARL,FWD) UtPri(0) Pfm(FloodNone) IF(XGMII) PH(Slave) Max_frame(9412) MDIX(ForcedNormal, Normal) Medium(None) Fault(Local) VLANFILTER(2) Mac driver(CLMAC Driver)
  xe85    (Disabled Forced((25GFD,pause) STP(Disable) Lrn(ARL,FWD) UtPri(0) Pfm(FloodNone) IF(XGMII) PH(Slave) Max_frame(9412) MDIX(ForcedNormal, Normal) Medium(None) Fault(Local) VLANFILTER(2) Mac driver(CLMAC Driver)
  xe86    (Disabled Forced((25GFD,pause) STP(Disable) Lrn(ARL,FWD) UtPri(0) Pfm(FloodNone) IF(XGMII) PH(Slave) Max_frame(9412) MDIX(ForcedNormal, Normal) Medium(None) Fault(Local) VLANFILTER(2) Mac driver(CLMAC Driver)
  xe87    (Disabled Forced((25GFD,pause) STP(Disable) Lrn(ARL,FWD) UtPri(0) Pfm(FloodNone) IF(XGMII) PH(Slave) Max_frame(9412) MDIX(ForcedNormal, Normal) Medium(None) Fault(Local) VLANFILTER(2) Mac driver(CLMAC Driver)
  xe88    (Disabled Forced((25GFD,pause) STP(Disable) Lrn(ARL,FWD) UtPri(0) Pfm(FloodNone) IF(XGMII) PH(Slave) Max_frame(9412) MDIX(ForcedNormal, Normal) Medium(None) Fault(Local) VLANFILTER(2) Mac driver(CLMAC Driver)
  xe89    (Disabled Forced((25GFD,pause) STP(Disable) Lrn(ARL,FWD) UtPri(0) Pfm(FloodNone) IF(XGMII) PH(Slave) Max_frame(9412) MDIX(ForcedNormal, Normal) Medium(None) Fault(Local) VLANFILTER(2) Mac driver(CLMAC Driver)
  xe90    (Disabled Forced((25GFD,pause) STP(Disable) Lrn(ARL,FWD) UtPri(0) Pfm(FloodNone) IF(XGMII) PH(Slave) Max_frame(9412) MDIX(ForcedNormal, Normal) Medium(None) Fault(Local) VLANFILTER(2) Mac driver(CLMAC Driver)
  xe91    (Disabled Forced((25GFD,pause) STP(Disable) Lrn(ARL,FWD) UtPri(0) Pfm(FloodNone) IF(XGMII) PH(Slave) Max_frame(9412) MDIX(ForcedNormal, Normal) Medium(None) Fault(Local) VLANFILTER(2) Mac driver(CLMAC Driver)
  xe92    (Disabled Forced((25GFD,pause) STP(Disable) Lrn(ARL,FWD) UtPri(0) Pfm(FloodNone) IF(XGMII) PH(Slave) Max_frame(9412) MDIX(ForcedNormal, Normal) Medium(None) Fault(Local) VLANFILTER(2) Mac driver(CLMAC Driver)
  xe93    (Disabled Forced((25GFD,pause) STP(Disable) Lrn(ARL,FWD) UtPri(0) Pfm(FloodNone) IF(XGMII) PH(Slave) Max_frame(9412) MDIX(ForcedNormal, Normal) Medium(None) Fault(Local) VLANFILTER(2) Mac driver(CLMAC Driver)
  xe94    (Disabled Forced((25GFD,pause) STP(Disable) Lrn(ARL,FWD) UtPri(0) Pfm(FloodNone) IF(XGMII) PH(Slave) Max_frame(9412) MDIX(ForcedNormal, Normal) Medium(None) Fault(Local) VLANFILTER(2) Mac driver(CLMAC Driver)
  xe95    (Disabled Forced((25GFD,pause) STP(Disable) Lrn(ARL,FWD) UtPri(0) Pfm(FloodNone) IF(XGMII) PH(Slave) Max_frame(9412) MDIX(ForcedNormal, Normal) Medium(None) Fault(Local) VLANFILTER(2) Mac driver(CLMAC Driver)
 *ce0     (EnabledLS(SW Forced((100GFD) STP(Forward) Lrn(ARL,FWD) UtPri(0) Pfm(FloodNone) IF(KR4) PH(Slave) Max_frame(9122) MDIX(ForcedNormal, Normal) Medium(None) VLANFILTER(3) Mac driver(CLMAC Driver)
 *ce1     (EnabledLS(SW Forced((100GFD) STP(Forward) Lrn(FWD) UtPri(0) Pfm(FloodNone) IF(KR4) PH(Slave) Max_frame(9122) MDIX(ForcedNormal, Normal) Medium(None) VLANFILTER(3) Mac driver(CLMAC Driver)
 *ce2     (EnabledLS(SW Forced((100GFD) STP(Forward) Lrn(FWD) UtPri(0) Pfm(FloodNone) IF(KR4) PH(Slave) Max_frame(9122) MDIX(ForcedNormal, Normal) Medium(None) VLANFILTER(3) Mac driver(CLMAC Driver)
 *ce3     (EnabledLS(SW Forced((100GFD) STP(Forward) Lrn(FWD) UtPri(0) Pfm(FloodNone) IF(KR4) PH(Slave) Max_frame(9122) MDIX(ForcedNormal, Normal) Medium(None) VLANFILTER(3) Mac driver(CLMAC Driver)
  ce4     (EnabledLS(SW Forced((100GFD) STP(Forward) Lrn(FWD) UtPri(0) Pfm(FloodNone) IF(KR4) PH(Slave) Max_frame(9122) MDIX(ForcedNormal, Normal) Medium(None) Fault(Local) VLANFILTER(3) Mac driver(CLMAC Driver)
  ce5     (EnabledLS(SW Forced((100GFD) STP(Forward) Lrn(FWD) UtPri(0) Pfm(FloodNone) IF(KR4) PH(Slave) Max_frame(9122) MDIX(ForcedNormal, Normal) Medium(None) Fault(Local) VLANFILTER(3) Mac driver(CLMAC Driver)
  ce6     (EnabledLS(SW Forced((100GFD) STP(Forward) Lrn(FWD) UtPri(0) Pfm(FloodNone) IF(KR4) PH(Slave) Max_frame(9122) MDIX(ForcedNormal, Normal) Medium(None) Fault(Local) VLANFILTER(3) Mac driver(CLMAC Driver)
  ce7     (EnabledLS(SW Forced((100GFD) STP(Forward) Lrn(FWD) UtPri(0) Pfm(FloodNone) IF(KR4) PH(Slave) Max_frame(9122) MDIX(ForcedNormal, Normal) Medium(None) Fault(Local) VLANFILTER(3) Mac driver(CLMAC Driver)
  ce8     (EnabledLS(SW Forced((100GFD) STP(Forward) Lrn(FWD) UtPri(0) Pfm(FloodNone) IF(KR4) PH(Slave) Max_frame(9122) MDIX(ForcedNormal, Normal) Medium(None) Fault(Local) VLANFILTER(3) Mac driver(CLMAC Driver)
  ce9     (EnabledLS(SW Forced((100GFD) STP(Forward) Lrn(FWD) UtPri(0) Pfm(FloodNone) IF(KR4) PH(Slave) Max_frame(9122) MDIX(ForcedNormal, Normal) Medium(None) Fault(Local) VLANFILTER(3) Mac driver(CLMAC Driver)
  ce10    (EnabledLS(SW Forced((100GFD) STP(Forward) Lrn(FWD) UtPri(0) Pfm(FloodNone) IF(KR4) PH(Slave) Max_frame(9122) MDIX(ForcedNormal, Normal) Medium(None) Fault(Local) VLANFILTER(3) Mac driver(CLMAC Driver)
  ce11    (EnabledLS(SW Forced((100GFD) STP(Forward) Lrn(FWD) UtPri(0) Pfm(FloodNone) IF(KR4) PH(Slave) Max_frame(9122) MDIX(ForcedNormal, Normal) Medium(None) Fault(Local) VLANFILTER(3) Mac driver(CLMAC Driver)
  ce12    (EnabledLS(SW Forced((100GFD) STP(Forward) Lrn(FWD) UtPri(0) Pfm(FloodNone) IF(KR4) PH(Slave) Max_frame(9122) MDIX(ForcedNormal, Normal) Medium(None) Fault(Local) VLANFILTER(3) Mac driver(CLMAC Driver)
  ce13    (EnabledLS(SW Forced((100GFD) STP(Forward) Lrn(FWD) UtPri(0) Pfm(FloodNone) IF(KR4) PH(Slave) Max_frame(9122) MDIX(ForcedNormal, Normal) Medium(None) Fault(Local) VLANFILTER(3) Mac driver(CLMAC Driver)
  ce14    (EnabledLS(SW Forced((100GFD) STP(Forward) Lrn(FWD) UtPri(0) Pfm(FloodNone) IF(KR4) PH(Slave) Max_frame(9122) MDIX(ForcedNormal, Normal) Medium(None) Fault(Local) VLANFILTER(3) Mac driver(CLMAC Driver)
  ce15    (EnabledLS(SW Forced((100GFD) STP(Forward) Lrn(FWD) UtPri(0) Pfm(FloodNone) IF(KR4) PH(Slave) Max_frame(9122) MDIX(ForcedNormal, Normal) Medium(None) Fault(Local) VLANFILTER(3) Mac driver(CLMAC Driver)
  ce16    (EnabledLS(SW Forced((100GFD) STP(Forward) Lrn(FWD) UtPri(0) Pfm(FloodNone) IF(KR4) PH(Slave) Max_frame(9122) MDIX(ForcedNormal, Normal) Medium(None) Fault(Local) VLANFILTER(3) Mac driver(CLMAC Driver)
  ce17    (EnabledLS(SW Forced((100GFD) STP(Forward) Lrn(FWD) UtPri(0) Pfm(FloodNone) IF(KR4) PH(Slave) Max_frame(9122) MDIX(ForcedNormal, Normal) Medium(None) Fault(Local) VLANFILTER(3) Mac driver(CLMAC Driver)
  ce18    (EnabledLS(SW Forced((100GFD) STP(Forward) Lrn(FWD) UtPri(0) Pfm(FloodNone) IF(KR4) PH(Slave) Max_frame(9122) MDIX(ForcedNormal, Normal) Medium(None) Fault(Local) VLANFILTER(3) Mac driver(CLMAC Driver)
  ce19    (EnabledLS(SW Forced((100GFD) STP(Forward) Lrn(FWD) UtPri(0) Pfm(FloodNone) IF(KR4) PH(Slave) Max_frame(9122) MDIX(ForcedNormal, Normal) Medium(None) Fault(Local) VLANFILTER(3) Mac driver(CLMAC Driver)
  ce20    (EnabledLS(SW Forced((100GFD) STP(Forward) Lrn(FWD) UtPri(0) Pfm(FloodNone) IF(KR4) PH(Slave) Max_frame(9122) MDIX(ForcedNormal, Normal) Medium(None) Fault(Local) VLANFILTER(3) Mac driver(CLMAC Driver)
  ce21    (EnabledLS(SW Forced((100GFD) STP(Forward) Lrn(FWD) UtPri(0) Pfm(FloodNone) IF(KR4) PH(Slave) Max_frame(9122) MDIX(ForcedNormal, Normal) Medium(None) Fault(Local) VLANFILTER(3) Mac driver(CLMAC Driver)
  ce22    (EnabledLS(SW Forced((100GFD) STP(Forward) Lrn(FWD) UtPri(0) Pfm(FloodNone) IF(KR4) PH(Slave) Max_frame(9122) MDIX(ForcedNormal, Normal) Medium(None) Fault(Local) VLANFILTER(3) Mac driver(CLMAC Driver)
  ce23    (EnabledLS(SW Forced((100GFD) STP(Forward) Lrn(FWD) UtPri(0) Pfm(FloodNone) IF(KR4) PH(Slave) Max_frame(9122) MDIX(ForcedNormal, Normal) Medium(None) Fault(Local) VLANFILTER(3) Mac driver(CLMAC Driver)
  ce24    (EnabledLS(SW Forced((100GFD) STP(Forward) Lrn(FWD) UtPri(0) Pfm(FloodNone) IF(KR4) PH(Slave) Max_frame(9122) MDIX(ForcedNormal, Normal) Medium(None) Fault(Local) VLANFILTER(3) Mac driver(CLMAC Driver)
  ce25    (EnabledLS(SW Forced((100GFD) STP(Forward) Lrn(FWD) UtPri(0) Pfm(FloodNone) IF(KR4) PH(Slave) Max_frame(9122) MDIX(ForcedNormal, Normal) Medium(None) Fault(Local) VLANFILTER(3) Mac driver(CLMAC Driver)
  ce26    (EnabledLS(SW Forced((100GFD) STP(Forward) Lrn(FWD) UtPri(0) Pfm(FloodNone) IF(KR4) PH(Slave) Max_frame(9122) MDIX(ForcedNormal, Normal) Medium(None) Fault(Local) VLANFILTER(3) Mac driver(CLMAC Driver)
  ce27    (EnabledLS(SW Forced((100GFD) STP(Forward) Lrn(FWD) UtPri(0) Pfm(FloodNone) IF(KR4) PH(Slave) Max_frame(9122) MDIX(ForcedNormal, Normal) Medium(None) Fault(Local) VLANFILTER(3) Mac driver(CLMAC Driver)
  ce28    (EnabledLS(SW Forced((100GFD) STP(Forward) Lrn(FWD) UtPri(0) Pfm(FloodNone) IF(KR4) PH(Slave) Max_frame(9122) MDIX(ForcedNormal, Normal) Medium(None) Fault(Local) VLANFILTER(3) Mac driver(CLMAC Driver)
  ce29    (EnabledLS(SW Forced((100GFD) STP(Forward) Lrn(FWD) UtPri(0) Pfm(FloodNone) IF(KR4) PH(Slave) Max_frame(9122) MDIX(ForcedNormal, Normal) Medium(None) Fault(Local) VLANFILTER(3) Mac driver(CLMAC Driver)
  ce30    (EnabledLS(SW Forced((100GFD) STP(Forward) Lrn(FWD) UtPri(0) Pfm(FloodNone) IF(KR4) PH(Slave) Max_frame(9122) MDIX(ForcedNormal, Normal) Medium(None) Fault(Local) VLANFILTER(3) Mac driver(CLMAC Driver)
  ce31    (EnabledLS(SW Forced((100GFD) STP(Forward) Lrn(FWD) UtPri(0) Pfm(FloodNone) IF(KR4) PH(Slave) Max_frame(9122) MDIX(ForcedNormal, Normal) Medium(None) Fault(Local) VLANFILTER(3) Mac driver(CLMAC Driver)
drivshell>
