timeout --foreground 5m bcmcmd "pvlan show"
pvlan show
Port ce0 default VLAN is 1
Port xe0 default VLAN is 1
Port xe1 default VLAN is 1
Port xe2 default VLAN is 1
Port ce1 default VLAN is 4095
Port xe3 default VLAN is 1
Port xe4 default VLAN is 1
Port xe5 default VLAN is 1
Port ce2 default VLAN is 4095
Port xe6 default VLAN is 1
Port xe7 default VLAN is 1
Port xe8 default VLAN is 1
Port ce3 default VLAN is 4095
Port xe9 default VLAN is 1
Port xe10 default VLAN is 1
Port xe11 default VLAN is 1
Port ce4 default VLAN is 4095
Port xe12 default VLAN is 1
Port xe13 default VLAN is 1
Port xe14 default VLAN is 1
Port ce5 default VLAN is 4095
Port xe15 default VLAN is 1
Port xe16 default VLAN is 1
Port xe17 default VLAN is 1
Port ce6 default VLAN is 4095
Port xe18 default VLAN is 1
Port xe19 default VLAN is 1
Port xe20 default VLAN is 1
Port ce7 default VLAN is 4095
Port xe21 default VLAN is 1
Port xe22 default VLAN is 1
Port xe23 default VLAN is 1
Port ce8 default VLAN is 4095
Port xe24 default VLAN is 1
Port xe25 default VLAN is 1
Port xe26 default VLAN is 1
Port ce9 default VLAN is 4095
Port xe27 default VLAN is 1
Port xe28 default VLAN is 1
Port xe29 default VLAN is 1
Port ce10 default VLAN is 4095
Port xe30 default VLAN is 1
Port xe31 default VLAN is 1
Port xe32 default VLAN is 1
Port ce11 default VLAN is 4095
Port xe33 default VLAN is 1
Port xe34 default VLAN is 1
Port xe35 default VLAN is 1
Port ce12 default VLAN is 4095
Port xe36 default VLAN is 1
Port xe37 default VLAN is 1
Port xe38 default VLAN is 1
Port ce13 default VLAN is 4095
Port xe39 default VLAN is 1
Port xe40 default VLAN is 1
Port xe41 default VLAN is 1
Port ce14 default VLAN is 4095
Port xe42 default VLAN is 1
Port xe43 default VLAN is 1
Port xe44 default VLAN is 1
Port ce15 default VLAN is 4095
Port xe45 default VLAN is 1
Port xe46 default VLAN is 1
Port xe47 default VLAN is 1
Port ce16 default VLAN is 4095
Port xe48 default VLAN is 1
Port xe49 default VLAN is 1
Port xe50 default VLAN is 1
Port ce17 default VLAN is 4095
Port xe51 default VLAN is 1
Port xe52 default VLAN is 1
Port xe53 default VLAN is 1
Port ce18 default VLAN is 4095
Port xe54 default VLAN is 1
Port xe55 default VLAN is 1
Port xe56 default VLAN is 1
Port ce19 default VLAN is 4095
Port xe57 default VLAN is 1
Port xe58 default VLAN is 1
Port xe59 default VLAN is 1
Port ce20 default VLAN is 4095
Port xe60 default VLAN is 1
Port xe61 default VLAN is 1
Port xe62 default VLAN is 1
Port ce21 default VLAN is 4095
Port xe63 default VLAN is 1
Port xe64 default VLAN is 1
Port xe65 default VLAN is 1
Port ce22 default VLAN is 4095
Port xe66 default VLAN is 1
Port xe67 default VLAN is 1
Port xe68 default VLAN is 1
Port ce23 default VLAN is 4095
Port xe69 default VLAN is 1
Port xe70 default VLAN is 1
Port xe71 default VLAN is 1
Port ce24 default VLAN is 4095
Port xe72 default VLAN is 1
Port xe73 default VLAN is 1
Port xe74 default VLAN is 1
Port ce25 default VLAN is 4095
Port xe75 default VLAN is 1
Port xe76 default VLAN is 1
Port xe77 default VLAN is 1
Port ce26 default VLAN is 4095
Port xe78 default VLAN is 1
Port xe79 default VLAN is 1
Port xe80 default VLAN is 1
Port ce27 default VLAN is 4095
Port xe81 default VLAN is 1
Port xe82 default VLAN is 1
Port xe83 default VLAN is 1
Port ce28 default VLAN is 4095
Port xe84 default VLAN is 1
Port xe85 default VLAN is 1
Port xe86 default VLAN is 1
Port ce29 default VLAN is 4095
Port xe87 default VLAN is 1
Port xe88 default VLAN is 1
Port xe89 default VLAN is 1
Port ce30 default VLAN is 4095
Port xe90 default VLAN is 1
Port xe91 default VLAN is 1
Port xe92 default VLAN is 1
Port ce31 default VLAN is 4095
Port xe93 default VLAN is 1
Port xe94 default VLAN is 1
Port xe95 default VLAN is 1
drivshell>
